
PLAY [test] *************************************************************************************************************************************************

TASK [Gathering Facts] **************************************************************************************************************************************
fatal: [54.158.36.27]: UNREACHABLE! => {"changed": false, "msg": "Failed to connect to the host via ssh: Permission denied (publickey,gssapi-keyex,gssapi-with-mic,password).", "unreachable": true}

PLAY RECAP **************************************************************************************************************************************************
54.158.36.27               : ok=0    changed=0    unreachable=1    failed=0    skipped=0    rescued=0    ignored=0   

